// Jest Snapshot v1, https://goo.gl/fbAQLP

exports[`components Child.vue snapshot 1`] = `
<div class="child">
  <div><span class="count">1</span>
    <button type="button" class="btn btn-success addValue">ADD</button>
  </div>
  <div><span class="axios-count">2</span>
    <button type="button" class="btn btn-success axiosSample">ADD</button>
    ※axios sample
  </div>
  <div><span class="async-await-count">3</span>
    <button type="button" class="btn btn-success asyncAwaitSample">ADD</button>
    ※async await sample
  </div>
</div>
`;
